// Jest Snapshot v1, https://goo.gl/fbAQLP

exports[`<RedirectToGuide /> renders a redirect to the guide 1`] = `<RedirectToGuide />`;
