// Jest Snapshot v1, https://goo.gl/fbAQLP

exports[`<ListOfCertifications /> renders the component 1`] = `
<Fragment>
  <h2
    className="mt-5"
  >
    Certifications Submitted
  </h2>
  <Button
    active={false}
    className="text-dark bg-light mb-3"
    disabled={false}
    onClick={[Function]}
    type="button"
    variant="outline-secondary"
  >
    Show all
  </Button>
  <ListOfWeeksWithDetail
    showContentArray={
      Array [
        false,
        false,
        false,
        false,
      ]
    }
    toggleContent={[Function]}
    userData={
      Object {
        "formData": Array [
          Object {
            "couldNotAcceptWork": false,
            "didYouLook": false,
            "refuseWork": false,
            "schoolOrTraining": false,
            "tooSick": false,
            "workOrEarn": false,
          },
          Object {
            "couldNotAcceptWork": false,
            "didYouLook": false,
            "refuseWork": false,
            "schoolOrTraining": false,
            "tooSick": false,
            "workOrEarn": false,
          },
          Object {
            "couldNotAcceptWork": false,
            "didYouLook": false,
            "refuseWork": false,
            "schoolOrTraining": false,
            "tooSick": false,
            "workOrEarn": false,
          },
        ],
        "programPlan": Array [
          "UI full time",
        ],
        "weeksToCertify": Array [
          1,
          2,
          3,
        ],
      }
    }
  />
  <AccordionItem
    content={
      <AcknowledgementDetail
        className="detail"
      />
    }
    header={
      <strong>
        Acknowledgement
      </strong>
    }
    showContent={false}
    toggleContent={[Function]}
  />
</Fragment>
`;
